sales_history.csv
date,sku,sales,is_promo,discount,price
2024-11-07,SKU003,99,0,0,100.0
2024-11-08,SKU003,79,0,0,100.0
2024-11-09,SKU003,68,0,0,100.0
2024-11-10,SKU003,92,0,0,100.0
2024-11-11,SKU003,88,0,0,100.0
2024-11-12,SKU003,83,0,0,100.0
2024-11-13,SKU003,77,0,0,100.0
2024-11-14,SKU003,112,1,20,80.0
2024-11-15,SKU003,71,1,15,85.0
2024-11-16,SKU003,138,1,20,80.0
2024-11-17,SKU003,119,0,0,100.0
2024-11-18,SKU003,99,0,0,100.0
2024-11-19,SKU003,87,0,0,100.0
2024-11-20,SKU003,72,0,0,100.0
2024-11-21,SKU003,57,0,0,100.0
2024-11-22,SKU003,65,0,0,100.0
2024-11-23,SKU003,91,0,0,100.0
2024-11-24,SKU003,71,0,0,100.0
2024-11-25,SKU003,92,0,0,100.0
2024-11-26,SKU003,97,0,0,100.0
2024-11-27,SKU003,85,0,0,100.0
2024-11-28,SKU003,89,1,20,80.0
2024-11-29,SKU003,107,1,10,90.0
2024-11-30,SKU003,113,1,15,85.0
2024-12-01,SKU003,151,0,0,100.0
2024-12-02,SKU003,124,0,0,100.0
2024-12-03,SKU003,68,0,0,100.0
2024-12-04,SKU003,85,0,0,100.0
2024-12-05,SKU003,128,0,0,100.0
2024-12-06,SKU003,116,0,0,100.0
2024-12-07,SKU003,146,0,0,100.0
2024-12-08,SKU003,127,0,0,100.0
2024-12-09,SKU003,83,0,0,100.0
2024-12-10,SKU003,101,0,0,100.0
2024-12-11,SKU003,56,0,0,100.0
2024-12-12,SKU003,125,1,15,85.0
2024-12-13,SKU003,87,1,15,85.0
2024-12-14,SKU003,128,1,25,75.0
2024-12-15,SKU003,140,0,0,100.0
2024-12-16,SKU003,63,0,0,100.0
2024-12-17,SKU003,71,0,0,100.0
2024-12-18,SKU003,74,0,0,100.0
2024-12-19,SKU003,74,0,0,100.0
2024-12-20,SKU003,82,0,0,100.0
2024-12-21,SKU003,87,0,0,100.0
2024-12-22,SKU003,125,0,0,100.0
2024-12-23,SKU003,104,0,0,100.0
2024-12-24,SKU003,60,0,0,100.0
2024-12-25,SKU003,74,0,0,100.0
2024-12-26,SKU003,115,1,20,80.0
2024-12-27,SKU003,134,1,20,80.0
2024-12-28,SKU003,151,1,15,85.0
2024-12-29,SKU003,125,0,0,100.0
2024-12-30,SKU003,80,0,0,100.0
2024-12-31,SKU003,90,0,0,100.0
2025-01-01,SKU003,113,0,0,100.0
2025-01-02,SKU003,76,0,0,100.0
2025-01-03,SKU003,85,0,0,100.0
2025-01-04,SKU003,106,0,0,100.0
2025-01-05,SKU003,147,0,0,100.0
2025-01-06,SKU003,103,0,0,100.0
2025-01-07,SKU003,102,0,0,100.0
2025-01-08,SKU003,73,0,0,100.0
2025-01-09,SKU003,116,1,25,75.0
2025-01-10,SKU003,92,1,10,90.0
2025-01-11,SKU003,144,1,15,85.0
2025-01-12,SKU003,85,0,0,100.0
2025-01-13,SKU003,92,0,0,100.0
2025-01-14,SKU003,97,0,0,100.0
2025-01-15,SKU003,65,0,0,100.0
2025-01-16,SKU003,93,0,0,100.0
2025-01-17,SKU003,87,0,0,100.0
2025-01-18,SKU003,89,0,0,100.0
2025-01-19,SKU003,120,0,0,100.0
2025-01-20,SKU003,104,0,0,100.0
2025-01-21,SKU003,69,0,0,100.0
2025-01-22,SKU003,87,0,0,100.0
2025-01-23,SKU003,152,1,15,85.0
2025-01-24,SKU003,162,1,20,80.0
2025-01-25,SKU003,111,1,20,80.0
2025-01-26,SKU003,94,0,0,100.0
2025-01-27,SKU003,110,0,0,100.0
2025-01-28,SKU003,76,0,0,100.0
2025-01-29,SKU003,114,0,0,100.0
2025-01-30,SKU003,75,0,0,100.0
2025-01-31,SKU003,86,0,0,100.0
2025-02-01,SKU003,58,0,0,100.0
2025-02-02,SKU003,76,0,0,100.0
2025-02-03,SKU003,83,0,0,100.0
2025-02-04,SKU003,89,0,0,100.0
2025-02-05,SKU003,54,0,0,100.0
2025-02-06,SKU003,83,1,20,80.0
2025-02-07,SKU003,126,1,25,75.0
2025-02-08,SKU003,89,1,20,80.0
2025-02-09,SKU003,97,0,0,100.0
2025-02-10,SKU003,77,0,0,100.0
2025-02-11,SKU003,53,0,0,100.0
2025-02-12,SKU003,68,0,0,100.0
2025-02-13,SKU003,50,0,0,100.0
2025-02-14,SKU003,77,0,0,100.0
2025-02-15,SKU003,60,0,0,100.0
2025-02-16,SKU003,118,0,0,100.0
2025-02-17,SKU003,67,0,0,100.0
2025-02-18,SKU003,72,0,0,100.0
2025-02-19,SKU003,82,0,0,100.0
2025-02-20,SKU003,68,1,20,80.0
2025-02-21,SKU003,102,1,10,90.0
2025-02-22,SKU003,85,1,10,90.0
2025-02-23,SKU003,68,0,0,100.0
2025-02-24,SKU003,80,0,0,100.0
2025-02-25,SKU003,77,0,0,100.0
2025-02-26,SKU003,84,0,0,100.0
2025-02-27,SKU003,75,0,0,100.0
2025-02-28,SKU003,102,0,0,100.0
2025-03-01,SKU003,63,0,0,100.0
2025-03-02,SKU003,68,0,0,100.0
2025-03-03,SKU003,64,0,0,100.0
2025-03-04,SKU003,81,0,0,100.0
2025-03-05,SKU003,70,0,0,100.0
2025-03-06,SKU003,75,1,10,90.0
2025-03-07,SKU003,149,1,25,75.0
2025-03-08,SKU003,147,1,20,80.0
2025-03-09,SKU003,116,0,0,100.0
2025-03-10,SKU003,70,0,0,100.0
2025-03-11,SKU003,65,0,0,100.0
2025-03-12,SKU003,50,0,0,100.0
2025-03-13,SKU003,69,0,0,100.0
2025-03-14,SKU003,60,0,0,100.0
2025-03-15,SKU003,64,0,0,100.0
2025-03-16,SKU003,79,0,0,100.0
2025-03-17,SKU003,90,0,0,100.0
2025-03-18,SKU003,87,0,0,100.0
2025-03-19,SKU003,72,0,0,100.0
2025-03-20,SKU003,123,1,20,80.0
2025-03-21,SKU003,115,1,10,90.0
2025-03-22,SKU003,121,1,20,80.0
2025-03-23,SKU003,107,0,0,100.0
2025-03-24,SKU003,78,0,0,100.0
2025-03-25,SKU003,86,0,0,100.0
2025-03-26,SKU003,90,0,0,100.0
2025-03-27,SKU003,91,0,0,100.0
2025-03-28,SKU003,84,0,0,100.0
2025-03-29,SKU003,104,0,0,100.0
2025-03-30,SKU003,105,0,0,100.0
2025-03-31,SKU003,80,0,0,100.0
2025-04-01,SKU003,104,0,0,100.0
2025-04-02,SKU003,93,0,0,100.0
2025-04-03,SKU003,111,1,25,75.0
2025-04-04,SKU003,111,1,25,75.0
2025-04-05,SKU003,119,1,10,90.0
2025-04-06,SKU003,106,0,0,100.0
2025-04-07,SKU003,85,0,0,100.0
2025-04-08,SKU003,67,0,0,100.0
2025-04-09,SKU003,81,0,0,100.0
2025-04-10,SKU003,94,0,0,100.0
2025-04-11,SKU003,95,0,0,100.0
2025-04-12,SKU003,105,0,0,100.0
2025-04-13,SKU003,78,0,0,100.0
2025-04-14,SKU003,64,0,0,100.0
2025-04-15,SKU003,84,0,0,100.0
2025-04-16,SKU003,70,0,0,100.0
2025-04-17,SKU003,109,1,10,90.0
2025-04-18,SKU003,119,1,15,85.0
2025-04-19,SKU003,104,1,25,75.0
2025-04-20,SKU003,68,0,0,100.0
2025-04-21,SKU003,95,0,0,100.0
2025-04-22,SKU003,90,0,0,100.0
2025-04-23,SKU003,54,0,0,100.0
2025-04-24,SKU003,55,0,0,100.0
2025-04-25,SKU003,85,0,0,100.0
2025-04-26,SKU003,73,0,0,100.0
2025-04-27,SKU003,103,0,0,100.0
2025-04-28,SKU003,93,0,0,100.0
2025-04-29,SKU003,66,0,0,100.0
2025-04-30,SKU003,98,0,0,100.0
2025-05-01,SKU003,92,1,20,80.0
2025-05-02,SKU003,91,1,20,80.0
2025-05-03,SKU003,122,1,25,75.0
2025-05-04,SKU003,104,0,0,100.0
2025-05-05,SKU003,58,0,0,100.0
2025-05-06,SKU003,58,0,0,100.0
2025-05-07,SKU003,97,0,0,100.0
2025-05-08,SKU003,69,0,0,100.0
2025-05-09,SKU003,94,0,0,100.0
2025-05-10,SKU003,95,0,0,100.0
2025-05-11,SKU003,75,0,0,100.0
2025-05-12,SKU003,80,0,0,100.0
2025-05-13,SKU003,70,0,0,100.0
2025-05-14,SKU003,93,0,0,100.0
2025-05-15,SKU003,109,1,10,90.0
2025-05-16,SKU003,80,1,10,90.0
2025-05-17,SKU003,101,1,15,85.0
2025-05-18,SKU003,107,0,0,100.0
2025-05-19,SKU003,86,0,0,100.0
2025-05-20,SKU003,79,0,0,100.0
2025-05-21,SKU003,68,0,0,100.0
2025-05-22,SKU003,81,0,0,100.0
2025-05-23,SKU003,73,0,0,100.0
2025-05-24,SKU003,52,0,0,100.0
2025-05-25,SKU003,115,0,0,100.0
2025-05-26,SKU003,64,0,0,100.0
2025-05-27,SKU003,79,0,0,100.0
2025-05-28,SKU003,81,0,0,100.0
2025-05-29,SKU003,103,1,20,80.0
2025-05-30,SKU003,127,1,25,75.0
2025-05-31,SKU003,126,1,15,85.0
2025-06-01,SKU003,84,0,0,100.0
2025-06-02,SKU003,62,0,0,100.0
2025-06-03,SKU003,39,0,0,100.0
2025-06-04,SKU003,67,0,0,100.0
2025-06-05,SKU003,65,0,0,100.0
2025-06-06,SKU003,64,0,0,100.0
2025-06-07,SKU003,87,0,0,100.0
2025-06-08,SKU003,57,0,0,100.0
2025-06-09,SKU003,69,0,0,100.0
2025-06-10,SKU003,65,0,0,100.0
2025-06-11,SKU003,63,0,0,100.0
2025-06-12,SKU003,68,1,25,75.0
2025-06-13,SKU003,93,1,10,90.0
2025-06-14,SKU003,99,1,20,80.0
2025-06-15,SKU003,86,0,0,100.0
2025-06-16,SKU003,65,0,0,100.0
2025-06-17,SKU003,32,0,0,100.0
2025-06-18,SKU003,52,0,0,100.0
2025-06-19,SKU003,51,0,0,100.0
2025-06-20,SKU003,59,0,0,100.0
2025-06-21,SKU003,63,0,0,100.0
2025-06-22,SKU003,76,0,0,100.0
2025-06-23,SKU003,53,0,0,100.0
2025-06-24,SKU003,43,0,0,100.0
2025-06-25,SKU003,74,0,0,100.0
2025-06-26,SKU003,115,1,25,75.0
2025-06-27,SKU003,83,1,20,80.0
2025-06-28,SKU003,129,1,25,75.0
2025-06-29,SKU003,73,0,0,100.0
2025-06-30,SKU003,82,0,0,100.0
2025-07-01,SKU003,59,0,0,100.0
2025-07-02,SKU003,68,0,0,100.0
2025-07-03,SKU003,47,0,0,100.0
2025-07-04,SKU003,77,0,0,100.0
2025-07-05,SKU003,82,0,0,100.0
2025-07-06,SKU003,65,0,0,100.0
2025-07-07,SKU003,44,0,0,100.0
2025-07-08,SKU003,54,0,0,100.0
2025-07-09,SKU003,73,0,0,100.0
2025-07-10,SKU003,63,1,10,90.0
2025-07-11,SKU003,60,1,20,80.0
2025-07-12,SKU003,114,1,20,80.0
2025-07-13,SKU003,55,0,0,100.0
2025-07-14,SKU003,46,0,0,100.0
2025-07-15,SKU003,77,0,0,100.0
2025-07-16,SKU003,67,0,0,100.0
2025-07-17,SKU003,75,0,0,100.0
2025-07-18,SKU003,79,0,0,100.0
2025-07-19,SKU003,92,0,0,100.0
2025-07-20,SKU003,67,0,0,100.0
2025-07-21,SKU003,73,0,0,100.0
2025-07-22,SKU003,43,0,0,100.0
2025-07-23,SKU003,61,0,0,100.0
2025-07-24,SKU003,87,1,20,80.0
2025-07-25,SKU003,65,1,10,90.0
2025-07-26,SKU003,120,1,15,85.0
2025-07-27,SKU003,91,0,0,100.0
2025-07-28,SKU003,49,0,0,100.0
2025-07-29,SKU003,52,0,0,100.0
2025-07-30,SKU003,49,0,0,100.0
2025-07-31,SKU003,38,0,0,100.0
2025-08-01,SKU003,72,0,0,100.0
2025-08-02,SKU003,73,0,0,100.0
2025-08-03,SKU003,83,0,0,100.0
2025-08-04,SKU003,43,0,0,100.0
2025-08-05,SKU003,86,0,0,100.0
2025-08-06,SKU003,47,0,0,100.0
2025-08-07,SKU003,133,1,20,80.0
2025-08-08,SKU003,69,1,10,90.0
2025-08-09,SKU003,96,1,15,85.0
2025-08-10,SKU003,103,0,0,100.0
2025-08-11,SKU003,67,0,0,100.0
2025-08-12,SKU003,75,0,0,100.0
2025-08-13,SKU003,73,0,0,100.0
2025-08-14,SKU003,104,0,0,100.0
2025-08-15,SKU003,67,0,0,100.0
2025-08-16,SKU003,94,0,0,100.0
2025-08-17,SKU003,71,0,0,100.0
2025-08-18,SKU003,57,0,0,100.0
2025-08-19,SKU003,53,0,0,100.0
2025-08-20,SKU003,54,0,0,100.0
2025-08-21,SKU003,119,1,10,90.0
2025-08-22,SKU003,122,1,20,80.0
2025-08-23,SKU003,129,1,20,80.0
2025-08-24,SKU003,105,0,0,100.0
2025-08-25,SKU003,74,0,0,100.0
2025-08-26,SKU003,94,0,0,100.0
2025-08-27,SKU003,61,0,0,100.0
2025-08-28,SKU003,88,0,0,100.0
2025-08-29,SKU003,92,0,0,100.0
2025-08-30,SKU003,77,0,0,100.0
2025-08-31,SKU003,92,0,0,100.0
2025-09-01,SKU003,101,0,0,100.0
2025-09-02,SKU003,77,0,0,100.0
2025-09-03,SKU003,101,0,0,100.0
2025-09-04,SKU003,100,1,20,80.0
2025-09-05,SKU003,83,1,10,90.0
2025-09-06,SKU003,106,1,20,80.0
2025-09-07,SKU003,111,0,0,100.0
2025-09-08,SKU003,62,0,0,100.0
2025-09-09,SKU003,88,0,0,100.0
2025-09-10,SKU003,88,0,0,100.0
2025-09-11,SKU003,84,0,0,100.0
2025-09-12,SKU003,69,0,0,100.0
2025-09-13,SKU003,112,0,0,100.0
2025-09-14,SKU003,79,0,0,100.0
2025-09-15,SKU003,85,0,0,100.0
2025-09-16,SKU003,48,0,0,100.0
2025-09-17,SKU003,58,0,0,100.0
2025-09-18,SKU003,89,1,10,90.0
2025-09-19,SKU003,113,1,20,80.0
2025-09-20,SKU003,149,1,20,80.0
2025-09-21,SKU003,80,0,0,100.0
2025-09-22,SKU003,58,0,0,100.0
2025-09-23,SKU003,65,0,0,100.0
2025-09-24,SKU003,57,0,0,100.0
2025-09-25,SKU003,71,0,0,100.0
2025-09-26,SKU003,46,0,0,100.0
2025-09-27,SKU003,115,0,0,100.0
2025-09-28,SKU003,124,0,0,100.0
2025-09-29,SKU003,56,0,0,100.0
2025-09-30,SKU003,73,0,0,100.0
2025-10-01,SKU003,64,0,0,100.0
2025-10-02,SKU003,79,1,25,75.0
2025-10-03,SKU003,84,1,15,85.0
2025-10-04,SKU003,115,1,20,80.0
2025-10-05,SKU003,102,0,0,100.0
2025-10-06,SKU003,85,0,0,100.0
2025-10-07,SKU003,79,0,0,100.0
2025-10-08,SKU003,62,0,0,100.0
2025-10-09,SKU003,88,0,0,100.0
2025-10-10,SKU003,66,0,0,100.0
2025-10-11,SKU003,91,0,0,100.0
2025-10-12,SKU003,81,0,0,100.0
2025-10-13,SKU003,87,0,0,100.0
2025-10-14,SKU003,54,0,0,100.0
2025-10-15,SKU003,63,0,0,100.0
2025-10-16,SKU003,85,1,15,85.0
2025-10-17,SKU003,133,1,25,75.0
2025-10-18,SKU003,82,1,20,80.0
2025-10-19,SKU003,81,0,0,100.0
2025-10-20,SKU003,91,0,0,100.0
2025-10-21,SKU003,61,0,0,100.0
2025-10-22,SKU003,52,0,0,100.0
2025-10-23,SKU003,87,0,0,100.0
2025-10-24,SKU003,85,0,0,100.0
2025-10-25,SKU003,94,0,0,100.0
2025-10-26,SKU003,83,0,0,100.0
2025-10-27,SKU003,56,0,0,100.0
2025-10-28,SKU003,61,0,0,100.0
2025-10-29,SKU003,75,0,0,100.0
2025-10-30,SKU003,93,1,10,90.0
2025-10-31,SKU003,125,1,25,75.0
2025-11-01,SKU003,77,1,20,80.0
2025-11-02,SKU003,113,0,0,100.0
2025-11-03,SKU003,88,0,0,100.0
2025-11-04,SKU003,53,0,0,100.0
2025-11-05,SKU003,89,0,0,100.0
2025-11-06,SKU003,44,0,0,100.0
2025-11-07,SKU003,75,0,0,100.0
2025-11-08,SKU003,92,0,0,100.0
2025-11-09,SKU003,83,0,0,100.0
2025-11-10,SKU003,78,0,0,100.0
2025-11-11,SKU003,82,0,0,100.0
2025-11-12,SKU003,82,0,0,100.0
2025-11-13,SKU003,84,1,20,80.0
2025-11-14,SKU003,62,1,15,85.0
2025-11-15,SKU003,132,1,15,85.0
2025-11-16,SKU003,115,0,0,100.0
2025-11-17,SKU003,91,0,0,100.0
2025-11-18,SKU003,96,0,0,100.0
2025-11-19,SKU003,70,0,0,100.0
2025-11-20,SKU003,83,0,0,100.0
2025-11-21,SKU003,73,0,0,100.0
2025-11-22,SKU003,65,0,0,100.0
2025-11-23,SKU003,81,0,0,100.0
2025-11-24,SKU003,53,0,0,100.0
2025-11-25,SKU003,88,0,0,100.0
2025-11-26,SKU003,50,0,0,100.0
2025-11-27,SKU003,88,1,25,75.0
2025-11-28,SKU003,68,1,10,90.0
2025-11-29,SKU003,126,1,25,75.0
2025-11-30,SKU003,62,0,0,100.0
2025-12-01,SKU003,81,0,0,100.0
2025-12-02,SKU003,130,0,0,100.0
2025-12-03,SKU003,102,0,0,100.0
2025-12-04,SKU003,78,0,0,100.0
2025-12-05,SKU003,70,0,0,100.0
2025-12-06,SKU003,101,0,0,100.0
2025-12-07,SKU003,123,0,0,100.0
2025-12-08,SKU003,102,0,0,100.0
2025-12-09,SKU003,99,0,0,100.0
2025-12-10,SKU003,71,0,0,100.0
2025-12-11,SKU003,98,1,25,75.0
2025-12-12,SKU003,149,1,20,80.0
2025-12-13,SKU003,145,1,15,85.0
2025-12-14,SKU003,119,0,0,100.0
2025-12-15,SKU003,104,0,0,100.0
2025-12-16,SKU003,108,0,0,100.0
2025-12-17,SKU003,94,0,0,100.0
2025-12-18,SKU003,87,0,0,100.0
2025-12-19,SKU003,77,0,0,100.0
2025-12-20,SKU003,139,0,0,100.0
2025-12-21,SKU003,147,0,0,100.0
2025-12-22,SKU003,88,0,0,100.0
2025-12-23,SKU003,78,0,0,100.0
2025-12-24,SKU003,73,0,0,100.0
2025-12-25,SKU003,128,1,25,75.0
2025-12-26,SKU003,68,1,10,90.0
2025-12-27,SKU003,149,1,25,75.0
2025-12-28,SKU003,72,0,0,100.0
2025-12-29,SKU003,120,0,0,100.0
2025-12-30,SKU003,62,0,0,100.0
2025-12-31,SKU003,115,0,0,100.0
